16:26:50 **** Incremental Build of configuration Release for project zigbee_temperature ****
make -j24 all 
arm-none-eabi-size  zigbee_temperature.elf 
   text	   data	    bss	    dec	    hex	filename
  65108	   2812	   3940	  71860	  118b4	zigbee_temperature.elf
Finished building: default.size.stdout
 
16:27:39 **** Incremental Build of configuration Debug for project zigbee_temperature ****
make -j24 all 
arm-none-eabi-size  zigbee_temperature.elf 
   text	   data	    bss	    dec	    hex	filename
  94360	   2811	   3940	 101111	  18af7	zigbee_temperature.elf
Finished building: default.size.stdout
 
